[13-Mar-2026 04:42:18 Europe/Berlin] PHP Warning:  require(db.php): failed to open stream: No such file or directory in C:\xampp\htdocs\CJH090306070514\laporan.php on line 62
[13-Mar-2026 04:42:18 Europe/Berlin] PHP Fatal error:  require(): Failed opening required 'db.php' (include_path='C:\xampp\php\PEAR') in C:\xampp\htdocs\CJH090306070514\laporan.php on line 62
[13-Mar-2026 04:43:04 Europe/Berlin] PHP Notice:  Undefined variable: pdo in C:\xampp\htdocs\CJH090306070514\laporan.php on line 69
[13-Mar-2026 04:43:04 Europe/Berlin] PHP Fatal error:  Call to a member function query() on null in C:\xampp\htdocs\CJH090306070514\laporan.php on line 69
[13-Mar-2026 04:43:13 Europe/Berlin] PHP Notice:  Undefined variable: pdo in C:\xampp\htdocs\CJH090306070514\laporan.php on line 69
[13-Mar-2026 04:43:13 Europe/Berlin] PHP Fatal error:  Call to a member function query() on null in C:\xampp\htdocs\CJH090306070514\laporan.php on line 69
[13-Mar-2026 04:44:04 Europe/Berlin] PHP Notice:  Undefined variable: pdo in C:\xampp\htdocs\CJH090306070514\kemaskini.php on line 18
[13-Mar-2026 04:44:04 Europe/Berlin] PHP Fatal error:  Call to a member function query() on null in C:\xampp\htdocs\CJH090306070514\kemaskini.php on line 18
[13-Mar-2026 04:44:05 Europe/Berlin] PHP Notice:  Undefined variable: pdo in C:\xampp\htdocs\CJH090306070514\kemaskini.php on line 18
[13-Mar-2026 04:44:05 Europe/Berlin] PHP Fatal error:  Call to a member function query() on null in C:\xampp\htdocs\CJH090306070514\kemaskini.php on line 18
[13-Mar-2026 04:44:40 Europe/Berlin] PHP Notice:  Undefined variable: pdo in C:\xampp\htdocs\CJH090306070514\kemaskini.php on line 18
[13-Mar-2026 04:44:40 Europe/Berlin] PHP Fatal error:  Call to a member function query() on null in C:\xampp\htdocs\CJH090306070514\kemaskini.php on line 18
[13-Mar-2026 04:44:43 Europe/Berlin] PHP Notice:  Undefined variable: pdo in C:\xampp\htdocs\CJH090306070514\kemaskini.php on line 18
[13-Mar-2026 04:44:43 Europe/Berlin] PHP Fatal error:  Call to a member function query() on null in C:\xampp\htdocs\CJH090306070514\kemaskini.php on line 18
[13-Mar-2026 04:44:44 Europe/Berlin] PHP Notice:  Undefined variable: pdo in C:\xampp\htdocs\CJH090306070514\kemaskini.php on line 18
[13-Mar-2026 04:44:44 Europe/Berlin] PHP Fatal error:  Call to a member function query() on null in C:\xampp\htdocs\CJH090306070514\kemaskini.php on line 18
[13-Mar-2026 04:44:45 Europe/Berlin] PHP Notice:  Undefined variable: pdo in C:\xampp\htdocs\CJH090306070514\kemaskini.php on line 18
[13-Mar-2026 04:44:45 Europe/Berlin] PHP Fatal error:  Call to a member function query() on null in C:\xampp\htdocs\CJH090306070514\kemaskini.php on line 18
[13-Mar-2026 04:58:54 Europe/Berlin] PHP Notice:  Undefined variable: pdo in C:\xampp\htdocs\CJH090306070514\laporan.php on line 63
[13-Mar-2026 04:58:54 Europe/Berlin] PHP Fatal error:  Call to a member function query() on null in C:\xampp\htdocs\CJH090306070514\laporan.php on line 63
